// Jest Snapshot v1, https://goo.gl/fbAQLP

exports[`WebApp - MonitoringPage tests Snapshot test with default values 1`] = `
<MonitoringPage>
  <PageSectionHeader
    titleText="Monitoring"
  >
    <PageSection
      data-ouia-component-type="page-section-header"
      data-ouia-safe={true}
      variant="light"
    >
      <section
        className="pf-c-page__main-section pf-m-light"
        data-ouia-component-type="page-section-header"
        data-ouia-safe={true}
      >
        <PageTitle
          title="Monitoring"
        >
          <Flex
            data-ouia-component-type="page-title"
            data-ouia-safe={true}
          >
            <div
              className="pf-l-flex"
              data-ouia-component-type="page-title"
              data-ouia-safe={true}
            >
              <FlexItem
                spacer={
                  Object {
                    "default": "spacerSm",
                  }
                }
              >
                <div
                  className="pf-m-spacer-sm"
                >
                  <Title
                    headingLevel="h1"
                    size="4xl"
                  >
                    <h1
                      className="pf-c-title pf-m-4xl"
                      data-ouia-component-id="OUIA-Generated-Title-1"
                      data-ouia-component-type="PF4/Title"
                      data-ouia-safe={true}
                    >
                      Monitoring
                    </h1>
                  </Title>
                </div>
              </FlexItem>
            </div>
          </Flex>
        </PageTitle>
      </section>
    </PageSection>
  </PageSectionHeader>
  <KogitoEmptyState
    body="Loading Data"
    title="Loading"
    type={3}
  >
    <Bullseye
      data-ouia-component-type="kogito-empty-state"
      data-ouia-safe={true}
    >
      <div
        className="pf-l-bullseye"
        data-ouia-component-type="kogito-empty-state"
        data-ouia-safe={true}
      >
        <EmptyState
          variant="full"
        >
          <div
            className="pf-c-empty-state"
          >
            <div
              className="pf-c-empty-state__content"
            >
              <EmptyStateIcon
                color="var(--pf-global--info-color--100)"
                icon={[Function]}
              >
                <InfoCircleIcon
                  aria-hidden="true"
                  className="pf-c-empty-state__icon"
                  color="var(--pf-global--info-color--100)"
                  noVerticalAlign={false}
                  size="sm"
                >
                  <svg
                    aria-hidden="true"
                    aria-labelledby={null}
                    className="pf-c-empty-state__icon"
                    fill="var(--pf-global--info-color--100)"
                    height="1em"
                    role="img"
                    style={
                      Object {
                        "verticalAlign": "-0.125em",
                      }
                    }
                    viewBox="0 0 512 512"
                    width="1em"
                  >
                    <path
                      d="M256 8C119.043 8 8 119.083 8 256c0 136.997 111.043 248 248 248s248-111.003 248-248C504 119.083 392.957 8 256 8zm0 110c23.196 0 42 18.804 42 42s-18.804 42-42 42-42-18.804-42-42 18.804-42 42-42zm56 254c0 6.627-5.373 12-12 12h-88c-6.627 0-12-5.373-12-12v-24c0-6.627 5.373-12 12-12h12v-64h-12c-6.627 0-12-5.373-12-12v-24c0-6.627 5.373-12 12-12h64c6.627 0 12 5.373 12 12v100h12c6.627 0 12 5.373 12 12v24z"
                    />
                  </svg>
                </InfoCircleIcon>
              </EmptyStateIcon>
              <Title
                headingLevel="h5"
                size="lg"
              >
                <h5
                  className="pf-c-title pf-m-lg"
                  data-ouia-component-id="OUIA-Generated-Title-2"
                  data-ouia-component-type="PF4/Title"
                  data-ouia-safe={true}
                >
                  Loading
                </h5>
              </Title>
              <EmptyStateBody>
                <div
                  className="pf-c-empty-state__body"
                >
                  Loading Data
                </div>
              </EmptyStateBody>
            </div>
          </div>
        </EmptyState>
      </div>
    </Bullseye>
  </KogitoEmptyState>
</MonitoringPage>
`;
